// Jest Snapshot v1, https://goo.gl/fbAQLP

exports[`CartItems component CartItems snapshot 1`] = `
Object {
  "asFragment": [Function],
  "baseElement": <body>
    <div>
      <ul
        class="CartItems_ul"
      >
        <li
          class="CartItems_ul_li"
        >
          <img
            alt="product"
            height="50"
            src="https://fakestoreapi.com/img/81fPKd-2AYL._AC_SL1500_.jpg"
            width="50"
          />
          <p>
            sweater
          </p>
          <div
            class="CartItems_ul_li--wrapper"
          >
            <input
              class="Button_input"
              type="submit"
              value="-"
            />
            <div />
            <input
              class="Button_input"
              type="submit"
              value="+"
            />
          </div>
          <p>
            $
            NaN
          </p>
          <div
            aria-label="Delete"
            class="CartItems_ul_li--closed"
            role="button"
            tabindex="0"
          />
        </li>
      </ul>
    </div>
  </body>,
  "container": <div>
    <ul
      class="CartItems_ul"
    >
      <li
        class="CartItems_ul_li"
      >
        <img
          alt="product"
          height="50"
          src="https://fakestoreapi.com/img/81fPKd-2AYL._AC_SL1500_.jpg"
          width="50"
        />
        <p>
          sweater
        </p>
        <div
          class="CartItems_ul_li--wrapper"
        >
          <input
            class="Button_input"
            type="submit"
            value="-"
          />
          <div />
          <input
            class="Button_input"
            type="submit"
            value="+"
          />
        </div>
        <p>
          $
          NaN
        </p>
        <div
          aria-label="Delete"
          class="CartItems_ul_li--closed"
          role="button"
          tabindex="0"
        />
      </li>
    </ul>
  </div>,
  "debug": [Function],
  "findAllByAltText": [Function],
  "findAllByDisplayValue": [Function],
  "findAllByLabelText": [Function],
  "findAllByPlaceholderText": [Function],
  "findAllByRole": [Function],
  "findAllByTestId": [Function],
  "findAllByText": [Function],
  "findAllByTitle": [Function],
  "findByAltText": [Function],
  "findByDisplayValue": [Function],
  "findByLabelText": [Function],
  "findByPlaceholderText": [Function],
  "findByRole": [Function],
  "findByTestId": [Function],
  "findByText": [Function],
  "findByTitle": [Function],
  "getAllByAltText": [Function],
  "getAllByDisplayValue": [Function],
  "getAllByLabelText": [Function],
  "getAllByPlaceholderText": [Function],
  "getAllByRole": [Function],
  "getAllByTestId": [Function],
  "getAllByText": [Function],
  "getAllByTitle": [Function],
  "getByAltText": [Function],
  "getByDisplayValue": [Function],
  "getByLabelText": [Function],
  "getByPlaceholderText": [Function],
  "getByRole": [Function],
  "getByTestId": [Function],
  "getByText": [Function],
  "getByTitle": [Function],
  "queryAllByAltText": [Function],
  "queryAllByDisplayValue": [Function],
  "queryAllByLabelText": [Function],
  "queryAllByPlaceholderText": [Function],
  "queryAllByRole": [Function],
  "queryAllByTestId": [Function],
  "queryAllByText": [Function],
  "queryAllByTitle": [Function],
  "queryByAltText": [Function],
  "queryByDisplayValue": [Function],
  "queryByLabelText": [Function],
  "queryByPlaceholderText": [Function],
  "queryByRole": [Function],
  "queryByTestId": [Function],
  "queryByText": [Function],
  "queryByTitle": [Function],
  "rerender": [Function],
  "unmount": [Function],
}
`;
